main.c:72:5:_write	24	static
main.c:78:6:delay_ms	16	static
main.c:82:6:delay_us	16	static
main.c:88:6:DHT11_SetPinOutput	32	static
main.c:97:6:DHT11_SetPinInput	32	static
main.c:106:6:DHT11_Start	8	static
main.c:120:9:DHT11_WaitForPin	16	static
main.c:131:9:DHT11_ReadBit	16	static
main.c:148:9:DHT11_ReadByte	16	static
main.c:159:9:DHT11_ReadData	32	static
main.c:192:9:DHT11_ReadDataWithRetry	24	static
main.c:205:6:SendToNodeMCU	16	static
main.c:213:5:isBadAir	24	static
main.c:220:5:isTooDark	16	static
main.c:225:6:SetGreen	8	static
main.c:230:6:SetRed	8	static
main.c:241:5:main	304	static
main.c:346:6:SystemClock_Config	88	static
main.c:390:13:MX_ADC1_Init	24	static
main.c:440:13:MX_TIM2_Init	32	static
main.c:485:13:MX_USART1_UART_Init	8	static
main.c:518:13:MX_USART2_UART_Init	8	static
main.c:551:13:MX_GPIO_Init	48	static
main.c:593:6:Error_Handler	4	static
