main.c:70:5:_write	24	static
main.c:76:6:delay_ms	16	static
main.c:80:6:delay_us	16	static
main.c:86:6:DHT11_SetPinOutput	32	static
main.c:95:6:DHT11_SetPinInput	32	static
main.c:104:6:DHT11_Start	8	static
main.c:118:9:DHT11_WaitForPin	16	static
main.c:129:9:DHT11_ReadBit	16	static
main.c:146:9:DHT11_ReadByte	16	static
main.c:157:9:DHT11_ReadData	32	static
main.c:190:9:DHT11_ReadDataWithRetry	24	static
main.c:207:5:isAirBad	24	static
main.c:214:6:SetGreen	8	static
main.c:219:6:SetRed	8	static
main.c:230:5:main	280	static
main.c:327:6:SystemClock_Config	88	static
main.c:371:13:MX_ADC1_Init	24	static
main.c:421:13:MX_TIM2_Init	32	static
main.c:466:13:MX_USART2_UART_Init	8	static
main.c:499:13:MX_GPIO_Init	48	static
main.c:545:6:Error_Handler	4	static
